// Jest Snapshot v1, https://goo.gl/fbAQLP

exports[`formValidation mustNotExceedTwoDecimals should return an error message if the value has more than two decimals 1`] = `"validation.message.invalid_value"`;

exports[`formValidation mustNotExceedTwoDecimals should return an error message if the value has no digits after the decimal point 1`] = `"validation.message.invalid_value"`;
